
  ⚠ composition_file_too_large: This HTML composition file has 468 lines. Smaller sub-compositions are easier to read, iterate on, and diff.
    Fix: Split coherent scenes or layers into separate .html files under compositions/, then mount them from the parent with data-composition-src so each file stays small enough to inspect, revise, and validate independently.
  ⚠ google_fonts_import: Composition loads fonts from fonts.googleapis.com. The producer resolves Google Fonts during compile/render, but raw external font requests add latency and can fail before canonicalization. Prefer mapped family names or local @font-face declarations when possible.
    Fix: For bundled fonts, remove the Google Fonts <link> or @import and keep the font-family declaration. For custom fonts, use @font-face { font-family: '...'; src: url('...woff2'); }.

┌  hyperframes preview
[?25l│
◇  Studio running
[?25h

  Project   q2
  Studio    http://localhost:5190

  Edit with your AI agent — it has HyperFrames skills installed.
  Changes reload automatically in the studio.

  Press Ctrl+C to stop

[INFO] [Compiler] Fetched 9 font face(s) for "Google Sans Flex" from Google Fonts (cached to C:\Users\iknow\.cache\hyperframes\fonts\google-sans-flex)
[INFO] [Compiler] Fetched 11 font face(s) for "Inter" from Google Fonts (cached to C:\Users\iknow\.cache\hyperframes\fonts\inter)
[INFO] [Compiler] Fetched 5 font face(s) for "Helvetica Neue" from Google Fonts (cached to C:\Users\iknow\.cache\hyperframes\fonts\helvetica-neue)
[INFO] [Compiler] Injected deterministic @font-face rules for 3 requested font families
[hyperframes] browserGpuMode probe → hardware (WebGL renderer vendor="Google Inc. (Intel)" renderer="ANGLE (Intel, Intel(R) UHD Graphics (0x0000468B) Direct3D11 vs_5_0 ps_5_0, D3D11)")
[BrowserManager] Browser launched (HeadlessChrome/152.0.7928.2, screenshot, gl=--use-gl=angle --use-angle=d3d11, headlessShell=true, platform=win32)
[INFO] [Compiler] Fetched 9 font face(s) for "Google Sans Flex" from Google Fonts (cached to C:\Users\iknow\.cache\hyperframes\fonts\google-sans-flex)
[INFO] [Compiler] Fetched 11 font face(s) for "Inter" from Google Fonts (cached to C:\Users\iknow\.cache\hyperframes\fonts\inter)
[INFO] [Compiler] Fetched 5 font face(s) for "Helvetica Neue" from Google Fonts (cached to C:\Users\iknow\.cache\hyperframes\fonts\helvetica-neue)
[INFO] [Compiler] Injected deterministic @font-face rules for 3 requested font families
[INFO] [Compiler] Fetched 9 font face(s) for "Google Sans Flex" from Google Fonts (cached to C:\Users\iknow\.cache\hyperframes\fonts\google-sans-flex)
[INFO] [Compiler] Fetched 11 font face(s) for "Inter" from Google Fonts (cached to C:\Users\iknow\.cache\hyperframes\fonts\inter)
[INFO] [Compiler] Fetched 5 font face(s) for "Helvetica Neue" from Google Fonts (cached to C:\Users\iknow\.cache\hyperframes\fonts\helvetica-neue)
[INFO] [Compiler] Injected deterministic @font-face rules for 3 requested font families
